2026-09-06 16:15:37+1000 [-] Log opened.
2026-09-06 16:15:37+1000 [-] --> twisted.internet.test.test_process.GetFileActionsTests.test_cloexecStayPut <--
2026-09-06 16:15:37+1000 [-] --> twisted.internet.test.test_process.GetFileActionsTests.test_closeNoCloexec <--
2026-09-06 16:15:37+1000 [-] --> twisted.internet.test.test_process.GetFileActionsTests.test_closeWithCloexec <--
2026-09-06 16:15:37+1000 [-] --> twisted.internet.test.test_process.GetFileActionsTests.test_inheritableConflict <--
2026-09-06 16:15:37+1000 [-] --> twisted.internet.test.test_process.GetFileActionsTests.test_moveNoCloexec <--
2026-09-06 16:15:37+1000 [-] --> twisted.internet.test.test_process.GetFileActionsTests.test_moveWithCloexec <--
2026-09-06 16:15:37+1000 [-] --> twisted.internet.test.test_process.GetFileActionsTests.test_nothing <--
2026-09-06 16:15:37+1000 [-] --> twisted.internet.test.test_process.GetFileActionsTests.test_stayPut <--
2026-09-06 16:15:37+1000 [-] --> twisted.internet.test.test_process.PTYProcessTestsBuilder_AsyncioSelectorReactorTests.test_changeGID <--
2026-09-06 16:15:37+1000 [-] --> twisted.internet.test.test_process.PTYProcessTestsBuilder_AsyncioSelectorReactorTests.test_changeUID <--
2026-09-06 16:15:37+1000 [-] --> twisted.internet.test.test_process.PTYProcessTestsBuilder_AsyncioSelectorReactorTests.test_errorDuringExec <--
2026-09-06 16:15:37+1000 [-] --> twisted.internet.test.test_process.PTYProcessTestsBuilder_AsyncioSelectorReactorTests.test_openFileDescriptors <--
2026-09-06 16:15:37+1000 [-] --> twisted.internet.test.test_process.PTYProcessTestsBuilder_AsyncioSelectorReactorTests.test_processExitedRaises <--
2026-09-06 16:15:37+1000 [-] while calling processExited:
	Traceback (most recent call last):
	  File "/workspace/scratch/3e753b952683/O-gen32-observe/external-trials/g33-twisted-10635/repo/src/twisted/internet/_baseprocess.py", line 40, in _callProcessExited
	    self.proto.processExited(Failure(reason))
	  File "/workspace/scratch/3e753b952683/O-gen32-observe/external-trials/g33-twisted-10635/repo/src/twisted/internet/test/test_process.py", line 615, in processExited
	    raise TestException("processedExited raised")
	twisted.internet.test.test_process.TestException: processedExited raised
	
2026-09-06 16:15:37+1000 [-] --> twisted.internet.test.test_process.PTYProcessTestsBuilder_AsyncioSelectorReactorTests.test_processExitedWithSignal <--
2026-09-06 16:15:37+1000 [-] childDataReceived(1, b'x')
2026-09-06 16:15:37+1000 [-] processExited(<twisted.python.failure.Failure twisted.internet.error.ProcessTerminated: A process has ended with a probable error condition: process ended by signal 15.>)
2026-09-06 16:15:37+1000 [-] processEnded(<twisted.python.failure.Failure twisted.internet.error.ProcessTerminated: A process has ended with a probable error condition: process ended by signal 15.>)
2026-09-06 16:15:37+1000 [-] --> twisted.internet.test.test_process.PTYProcessTestsBuilder_AsyncioSelectorReactorTests.test_processTransportInterface <--
2026-09-06 16:15:37+1000 [-] --> twisted.internet.test.test_process.PTYProcessTestsBuilder_AsyncioSelectorReactorTests.test_spawnProcessEarlyIsReaped <--
2026-09-06 16:15:37+1000 [-] --> twisted.internet.test.test_process.PTYProcessTestsBuilder_AsyncioSelectorReactorTests.test_systemCallUninterruptedByChildExit <--
2026-09-06 16:15:37+1000 [-] --> twisted.internet.test.test_process.PTYProcessTestsBuilder_AsyncioSelectorReactorTests.test_timelyProcessExited <--
2026-09-06 16:15:37+1000 [-] --> twisted.internet.test.test_process.PTYProcessTestsBuilder_AsyncioSelectorReactorTests.test_write <--
2026-09-06 16:15:37+1000 [-] --> twisted.internet.test.test_process.PTYProcessTestsBuilder_AsyncioSelectorReactorTests.test_writeSequence <--
2026-09-06 16:15:37+1000 [-] --> twisted.internet.test.test_process.PTYProcessTestsBuilder_AsyncioSelectorReactorTests.test_writeToChild <--
2026-09-06 16:15:37+1000 [-] --> twisted.internet.test.test_process.PTYProcessTestsBuilder_AsyncioSelectorReactorTests.test_writeToChildBadFileDescriptor <--
2026-09-06 16:15:37+1000 [-] --> twisted.internet.test.test_process.PTYProcessTestsBuilder_EPollReactorTests.test_changeGID <--
2026-09-06 16:15:37+1000 [-] Main loop terminated.
2026-09-06 16:15:37+1000 [-] --> twisted.internet.test.test_process.PTYProcessTestsBuilder_EPollReactorTests.test_changeUID <--
2026-09-06 16:15:37+1000 [-] Main loop terminated.
2026-09-06 16:15:37+1000 [-] --> twisted.internet.test.test_process.PTYProcessTestsBuilder_EPollReactorTests.test_errorDuringExec <--
2026-09-06 16:15:37+1000 [-] Main loop terminated.
2026-09-06 16:15:37+1000 [-] --> twisted.internet.test.test_process.PTYProcessTestsBuilder_EPollReactorTests.test_openFileDescriptors <--
2026-09-06 16:15:38+1000 [-] Main loop terminated.
2026-09-06 16:15:38+1000 [-] --> twisted.internet.test.test_process.PTYProcessTestsBuilder_EPollReactorTests.test_processExitedRaises <--
2026-09-06 16:15:38+1000 [-] while calling processExited:
	Traceback (most recent call last):
	  File "/workspace/scratch/3e753b952683/O-gen32-observe/external-trials/g33-twisted-10635/repo/src/twisted/internet/_baseprocess.py", line 40, in _callProcessExited
	    self.proto.processExited(Failure(reason))
	  File "/workspace/scratch/3e753b952683/O-gen32-observe/external-trials/g33-twisted-10635/repo/src/twisted/internet/test/test_process.py", line 615, in processExited
	    raise TestException("processedExited raised")
	twisted.internet.test.test_process.TestException: processedExited raised
	
2026-09-06 16:15:38+1000 [-] Main loop terminated.
2026-09-06 16:15:38+1000 [-] --> twisted.internet.test.test_process.PTYProcessTestsBuilder_EPollReactorTests.test_processExitedWithSignal <--
2026-09-06 16:15:38+1000 [-] childDataReceived(1, b'x')
2026-09-06 16:15:38+1000 [-] processExited(<twisted.python.failure.Failure twisted.internet.error.ProcessTerminated: A process has ended with a probable error condition: process ended by signal 15.>)
2026-09-06 16:15:38+1000 [-] processEnded(<twisted.python.failure.Failure twisted.internet.error.ProcessTerminated: A process has ended with a probable error condition: process ended by signal 15.>)
2026-09-06 16:15:38+1000 [-] Main loop terminated.
2026-09-06 16:15:38+1000 [-] --> twisted.internet.test.test_process.PTYProcessTestsBuilder_EPollReactorTests.test_processTransportInterface <--
2026-09-06 16:15:38+1000 [-] Main loop terminated.
2026-09-06 16:15:38+1000 [-] --> twisted.internet.test.test_process.PTYProcessTestsBuilder_EPollReactorTests.test_spawnProcessEarlyIsReaped <--
2026-09-06 16:15:38+1000 [-] Main loop terminated.
2026-09-06 16:15:38+1000 [-] --> twisted.internet.test.test_process.PTYProcessTestsBuilder_EPollReactorTests.test_systemCallUninterruptedByChildExit <--
2026-09-06 16:15:38+1000 [-] Main loop terminated.
2026-09-06 16:15:38+1000 [-] --> twisted.internet.test.test_process.PTYProcessTestsBuilder_EPollReactorTests.test_timelyProcessExited <--
2026-09-06 16:15:38+1000 [-] Main loop terminated.
2026-09-06 16:15:38+1000 [-] --> twisted.internet.test.test_process.PTYProcessTestsBuilder_EPollReactorTests.test_write <--
2026-09-06 16:15:38+1000 [-] Main loop terminated.
2026-09-06 16:15:38+1000 [-] --> twisted.internet.test.test_process.PTYProcessTestsBuilder_EPollReactorTests.test_writeSequence <--
2026-09-06 16:15:38+1000 [-] Main loop terminated.
2026-09-06 16:15:38+1000 [-] --> twisted.internet.test.test_process.PTYProcessTestsBuilder_EPollReactorTests.test_writeToChild <--
2026-09-06 16:15:38+1000 [-] Main loop terminated.
2026-09-06 16:15:38+1000 [-] --> twisted.internet.test.test_process.PTYProcessTestsBuilder_EPollReactorTests.test_writeToChildBadFileDescriptor <--
2026-09-06 16:15:38+1000 [-] Main loop terminated.
2026-09-06 16:15:38+1000 [-] --> twisted.internet.test.test_process.PTYProcessTestsBuilder_GIReactorTests.test_changeGID <--
2026-09-06 16:15:38+1000 [-] --> twisted.internet.test.test_process.PTYProcessTestsBuilder_GIReactorTests.test_changeUID <--
2026-09-06 16:15:38+1000 [-] --> twisted.internet.test.test_process.PTYProcessTestsBuilder_GIReactorTests.test_errorDuringExec <--
2026-09-06 16:15:38+1000 [-] --> twisted.internet.test.test_process.PTYProcessTestsBuilder_GIReactorTests.test_openFileDescriptors <--
2026-09-06 16:15:38+1000 [-] --> twisted.internet.test.test_process.PTYProcessTestsBuilder_GIReactorTests.test_processExitedRaises <--
2026-09-06 16:15:38+1000 [-] --> twisted.internet.test.test_process.PTYProcessTestsBuilder_GIReactorTests.test_processExitedWithSignal <--
2026-09-06 16:15:38+1000 [-] --> twisted.internet.test.test_process.PTYProcessTestsBuilder_GIReactorTests.test_processTransportInterface <--
2026-09-06 16:15:38+1000 [-] --> twisted.internet.test.test_process.PTYProcessTestsBuilder_GIReactorTests.test_spawnProcessEarlyIsReaped <--
2026-09-06 16:15:38+1000 [-] --> twisted.internet.test.test_process.PTYProcessTestsBuilder_GIReactorTests.test_systemCallUninterruptedByChildExit <--
2026-09-06 16:15:38+1000 [-] --> twisted.internet.test.test_process.PTYProcessTestsBuilder_GIReactorTests.test_timelyProcessExited <--
2026-09-06 16:15:38+1000 [-] --> twisted.internet.test.test_process.PTYProcessTestsBuilder_GIReactorTests.test_write <--
2026-09-06 16:15:38+1000 [-] --> twisted.internet.test.test_process.PTYProcessTestsBuilder_GIReactorTests.test_writeSequence <--
2026-09-06 16:15:38+1000 [-] --> twisted.internet.test.test_process.PTYProcessTestsBuilder_GIReactorTests.test_writeToChild <--
2026-09-06 16:15:38+1000 [-] --> twisted.internet.test.test_process.PTYProcessTestsBuilder_GIReactorTests.test_writeToChildBadFileDescriptor <--
2026-09-06 16:15:38+1000 [-] --> twisted.internet.test.test_process.PTYProcessTestsBuilder_PollReactorTests.test_changeGID <--
2026-09-06 16:15:38+1000 [-] Main loop terminated.
2026-09-06 16:15:38+1000 [-] --> twisted.internet.test.test_process.PTYProcessTestsBuilder_PollReactorTests.test_changeUID <--
2026-09-06 16:15:38+1000 [-] Main loop terminated.
2026-09-06 16:15:38+1000 [-] --> twisted.internet.test.test_process.PTYProcessTestsBuilder_PollReactorTests.test_errorDuringExec <--
2026-09-06 16:15:38+1000 [-] Main loop terminated.
2026-09-06 16:15:38+1000 [-] --> twisted.internet.test.test_process.PTYProcessTestsBuilder_PollReactorTests.test_openFileDescriptors <--
2026-09-06 16:15:38+1000 [-] Main loop terminated.
2026-09-06 16:15:38+1000 [-] --> twisted.internet.test.test_process.PTYProcessTestsBuilder_PollReactorTests.test_processExitedRaises <--
2026-09-06 16:15:38+1000 [-] while calling processExited:
	Traceback (most recent call last):
	  File "/workspace/scratch/3e753b952683/O-gen32-observe/external-trials/g33-twisted-10635/repo/src/twisted/internet/_baseprocess.py", line 40, in _callProcessExited
	    self.proto.processExited(Failure(reason))
	  File "/workspace/scratch/3e753b952683/O-gen32-observe/external-trials/g33-twisted-10635/repo/src/twisted/internet/test/test_process.py", line 615, in processExited
	    raise TestException("processedExited raised")
	twisted.internet.test.test_process.TestException: processedExited raised
	
2026-09-06 16:15:38+1000 [-] Main loop terminated.
2026-09-06 16:15:38+1000 [-] --> twisted.internet.test.test_process.PTYProcessTestsBuilder_PollReactorTests.test_processExitedWithSignal <--
2026-09-06 16:15:38+1000 [-] childDataReceived(1, b'x')
2026-09-06 16:15:38+1000 [-] processExited(<twisted.python.failure.Failure twisted.internet.error.ProcessTerminated: A process has ended with a probable error condition: process ended by signal 15.>)
2026-09-06 16:15:38+1000 [-] processEnded(<twisted.python.failure.Failure twisted.internet.error.ProcessTerminated: A process has ended with a probable error condition: process ended by signal 15.>)
2026-09-06 16:15:38+1000 [-] Main loop terminated.
2026-09-06 16:15:38+1000 [-] --> twisted.internet.test.test_process.PTYProcessTestsBuilder_PollReactorTests.test_processTransportInterface <--
2026-09-06 16:15:38+1000 [-] Main loop terminated.
2026-09-06 16:15:38+1000 [-] --> twisted.internet.test.test_process.PTYProcessTestsBuilder_PollReactorTests.test_spawnProcessEarlyIsReaped <--
2026-09-06 16:15:38+1000 [-] Main loop terminated.
2026-09-06 16:15:38+1000 [-] --> twisted.internet.test.test_process.PTYProcessTestsBuilder_PollReactorTests.test_systemCallUninterruptedByChildExit <--
2026-09-06 16:15:39+1000 [-] Main loop terminated.
2026-09-06 16:15:39+1000 [-] --> twisted.internet.test.test_process.PTYProcessTestsBuilder_PollReactorTests.test_timelyProcessExited <--
2026-09-06 16:15:39+1000 [-] Main loop terminated.
2026-09-06 16:15:39+1000 [-] --> twisted.internet.test.test_process.PTYProcessTestsBuilder_PollReactorTests.test_write <--
2026-09-06 16:15:39+1000 [-] Main loop terminated.
2026-09-06 16:15:39+1000 [-] --> twisted.internet.test.test_process.PTYProcessTestsBuilder_PollReactorTests.test_writeSequence <--
2026-09-06 16:15:39+1000 [-] Main loop terminated.
2026-09-06 16:15:39+1000 [-] --> twisted.internet.test.test_process.PTYProcessTestsBuilder_PollReactorTests.test_writeToChild <--
2026-09-06 16:15:39+1000 [-] Main loop terminated.
2026-09-06 16:15:39+1000 [-] --> twisted.internet.test.test_process.PTYProcessTestsBuilder_PollReactorTests.test_writeToChildBadFileDescriptor <--
2026-09-06 16:15:39+1000 [-] Main loop terminated.
2026-09-06 16:15:39+1000 [-] --> twisted.internet.test.test_process.PTYProcessTestsBuilder_SelectReactorTests.test_changeGID <--
2026-09-06 16:15:39+1000 [-] Main loop terminated.
2026-09-06 16:15:39+1000 [-] --> twisted.internet.test.test_process.PTYProcessTestsBuilder_SelectReactorTests.test_changeUID <--
2026-09-06 16:15:39+1000 [-] Main loop terminated.
2026-09-06 16:15:39+1000 [-] --> twisted.internet.test.test_process.PTYProcessTestsBuilder_SelectReactorTests.test_errorDuringExec <--
2026-09-06 16:15:39+1000 [-] Main loop terminated.
2026-09-06 16:15:39+1000 [-] --> twisted.internet.test.test_process.PTYProcessTestsBuilder_SelectReactorTests.test_openFileDescriptors <--
2026-09-06 16:15:39+1000 [-] Main loop terminated.
2026-09-06 16:15:39+1000 [-] --> twisted.internet.test.test_process.PTYProcessTestsBuilder_SelectReactorTests.test_processExitedRaises <--
2026-09-06 16:15:39+1000 [-] while calling processExited:
	Traceback (most recent call last):
	  File "/workspace/scratch/3e753b952683/O-gen32-observe/external-trials/g33-twisted-10635/repo/src/twisted/internet/_baseprocess.py", line 40, in _callProcessExited
	    self.proto.processExited(Failure(reason))
	  File "/workspace/scratch/3e753b952683/O-gen32-observe/external-trials/g33-twisted-10635/repo/src/twisted/internet/test/test_process.py", line 615, in processExited
	    raise TestException("processedExited raised")
	twisted.internet.test.test_process.TestException: processedExited raised
	
2026-09-06 16:15:39+1000 [-] Main loop terminated.
2026-09-06 16:15:39+1000 [-] --> twisted.internet.test.test_process.PTYProcessTestsBuilder_SelectReactorTests.test_processExitedWithSignal <--
2026-09-06 16:15:39+1000 [-] childDataReceived(1, b'x')
2026-09-06 16:15:39+1000 [-] processExited(<twisted.python.failure.Failure twisted.internet.error.ProcessTerminated: A process has ended with a probable error condition: process ended by signal 15.>)
2026-09-06 16:15:39+1000 [-] processEnded(<twisted.python.failure.Failure twisted.internet.error.ProcessTerminated: A process has ended with a probable error condition: process ended by signal 15.>)
2026-09-06 16:15:39+1000 [-] Main loop terminated.
2026-09-06 16:15:39+1000 [-] --> twisted.internet.test.test_process.PTYProcessTestsBuilder_SelectReactorTests.test_processTransportInterface <--
2026-09-06 16:15:39+1000 [-] Main loop terminated.
2026-09-06 16:15:39+1000 [-] --> twisted.internet.test.test_process.PTYProcessTestsBuilder_SelectReactorTests.test_spawnProcessEarlyIsReaped <--
2026-09-06 16:15:39+1000 [-] Main loop terminated.
2026-09-06 16:15:39+1000 [-] --> twisted.internet.test.test_process.PTYProcessTestsBuilder_SelectReactorTests.test_systemCallUninterruptedByChildExit <--
2026-09-06 16:15:40+1000 [-] Main loop terminated.
2026-09-06 16:15:40+1000 [-] --> twisted.internet.test.test_process.PTYProcessTestsBuilder_SelectReactorTests.test_timelyProcessExited <--
2026-09-06 16:15:40+1000 [-] Main loop terminated.
2026-09-06 16:15:40+1000 [-] --> twisted.internet.test.test_process.PTYProcessTestsBuilder_SelectReactorTests.test_write <--
2026-09-06 16:15:40+1000 [-] Main loop terminated.
2026-09-06 16:15:40+1000 [-] --> twisted.internet.test.test_process.PTYProcessTestsBuilder_SelectReactorTests.test_writeSequence <--
2026-09-06 16:15:40+1000 [-] Main loop terminated.
2026-09-06 16:15:40+1000 [-] --> twisted.internet.test.test_process.PTYProcessTestsBuilder_SelectReactorTests.test_writeToChild <--
2026-09-06 16:15:40+1000 [-] Main loop terminated.
2026-09-06 16:15:40+1000 [-] --> twisted.internet.test.test_process.PTYProcessTestsBuilder_SelectReactorTests.test_writeToChildBadFileDescriptor <--
2026-09-06 16:15:40+1000 [-] Main loop terminated.
2026-09-06 16:15:40+1000 [-] --> twisted.internet.test.test_process.PTYProcessTestsBuilder_ThreadedSelectReactorTests.test_changeGID <--
2026-09-06 16:15:40+1000 [-] Main loop terminated.
2026-09-06 16:15:40+1000 [-] --> twisted.internet.test.test_process.PTYProcessTestsBuilder_ThreadedSelectReactorTests.test_changeUID <--
2026-09-06 16:15:40+1000 [-] Main loop terminated.
2026-09-06 16:15:40+1000 [-] --> twisted.internet.test.test_process.PTYProcessTestsBuilder_ThreadedSelectReactorTests.test_errorDuringExec <--
2026-09-06 16:15:40+1000 [-] Main loop terminated.
2026-09-06 16:15:40+1000 [-] --> twisted.internet.test.test_process.PTYProcessTestsBuilder_ThreadedSelectReactorTests.test_openFileDescriptors <--
2026-09-06 16:15:40+1000 [-] Main loop terminated.
2026-09-06 16:15:40+1000 [-] --> twisted.internet.test.test_process.PTYProcessTestsBuilder_ThreadedSelectReactorTests.test_processExitedRaises <--
2026-09-06 16:15:40+1000 [-] while calling processExited:
	Traceback (most recent call last):
	  File "/workspace/scratch/3e753b952683/O-gen32-observe/external-trials/g33-twisted-10635/repo/src/twisted/internet/_baseprocess.py", line 40, in _callProcessExited
	    self.proto.processExited(Failure(reason))
	  File "/workspace/scratch/3e753b952683/O-gen32-observe/external-trials/g33-twisted-10635/repo/src/twisted/internet/test/test_process.py", line 615, in processExited
	    raise TestException("processedExited raised")
	twisted.internet.test.test_process.TestException: processedExited raised
	
2026-09-06 16:15:40+1000 [-] Main loop terminated.
2026-09-06 16:15:40+1000 [-] --> twisted.internet.test.test_process.PTYProcessTestsBuilder_ThreadedSelectReactorTests.test_processExitedWithSignal <--
2026-09-06 16:15:40+1000 [-] childDataReceived(1, b'x')
2026-09-06 16:15:40+1000 [-] processExited(<twisted.python.failure.Failure twisted.internet.error.ProcessTerminated: A process has ended with a probable error condition: process ended by signal 15.>)
2026-09-06 16:15:40+1000 [-] processEnded(<twisted.python.failure.Failure twisted.internet.error.ProcessTerminated: A process has ended with a probable error condition: process ended by signal 15.>)
2026-09-06 16:15:40+1000 [-] Main loop terminated.
2026-09-06 16:15:40+1000 [-] --> twisted.internet.test.test_process.PTYProcessTestsBuilder_ThreadedSelectReactorTests.test_processTransportInterface <--
2026-09-06 16:15:40+1000 [-] Main loop terminated.
2026-09-06 16:15:40+1000 [-] --> twisted.internet.test.test_process.PTYProcessTestsBuilder_ThreadedSelectReactorTests.test_spawnProcessEarlyIsReaped <--
2026-09-06 16:15:40+1000 [-] Main loop terminated.
2026-09-06 16:15:40+1000 [-] --> twisted.internet.test.test_process.PTYProcessTestsBuilder_ThreadedSelectReactorTests.test_systemCallUninterruptedByChildExit <--
2026-09-06 16:15:40+1000 [-] Main loop terminated.
2026-09-06 16:15:40+1000 [-] --> twisted.internet.test.test_process.PTYProcessTestsBuilder_ThreadedSelectReactorTests.test_timelyProcessExited <--
2026-09-06 16:15:40+1000 [-] Main loop terminated.
2026-09-06 16:15:40+1000 [-] --> twisted.internet.test.test_process.PTYProcessTestsBuilder_ThreadedSelectReactorTests.test_write <--
2026-09-06 16:15:40+1000 [-] Main loop terminated.
2026-09-06 16:15:40+1000 [-] --> twisted.internet.test.test_process.PTYProcessTestsBuilder_ThreadedSelectReactorTests.test_writeSequence <--
2026-09-06 16:15:40+1000 [-] Main loop terminated.
2026-09-06 16:15:40+1000 [-] --> twisted.internet.test.test_process.PTYProcessTestsBuilder_ThreadedSelectReactorTests.test_writeToChild <--
2026-09-06 16:15:40+1000 [-] Main loop terminated.
2026-09-06 16:15:40+1000 [-] --> twisted.internet.test.test_process.PTYProcessTestsBuilder_ThreadedSelectReactorTests.test_writeToChildBadFileDescriptor <--
2026-09-06 16:15:40+1000 [-] Main loop terminated.
2026-09-06 16:15:40+1000 [-] --> twisted.internet.test.test_process.ProcessIsUnimportableOnUnsupportedPlatormsTests.test_unimportableOnWindows <--
2026-09-06 16:15:40+1000 [-] --> twisted.internet.test.test_process.ProcessTestsBuilder_AsyncioSelectorReactorTests.test_changeGID <--
2026-09-06 16:15:40+1000 [-] --> twisted.internet.test.test_process.ProcessTestsBuilder_AsyncioSelectorReactorTests.test_changeUID <--
2026-09-06 16:15:40+1000 [-] --> twisted.internet.test.test_process.ProcessTestsBuilder_AsyncioSelectorReactorTests.test_childConnectionLost <--
2026-09-06 16:15:40+1000 [-] --> twisted.internet.test.test_process.ProcessTestsBuilder_AsyncioSelectorReactorTests.test_environmentForkEnvCustom <--
2026-09-06 16:15:40+1000 [-] --> twisted.internet.test.test_process.ProcessTestsBuilder_AsyncioSelectorReactorTests.test_environmentForkEnvNone <--
2026-09-06 16:15:40+1000 [-] --> twisted.internet.test.test_process.ProcessTestsBuilder_AsyncioSelectorReactorTests.test_environmentForkEnvNotSet <--
2026-09-06 16:15:40+1000 [-] --> twisted.internet.test.test_process.ProcessTestsBuilder_AsyncioSelectorReactorTests.test_environmentPosixSpawnpEnvCustom <--
2026-09-06 16:15:41+1000 [-] --> twisted.internet.test.test_process.ProcessTestsBuilder_AsyncioSelectorReactorTests.test_environmentPosixSpawnpEnvNone <--
2026-09-06 16:15:41+1000 [-] --> twisted.internet.test.test_process.ProcessTestsBuilder_AsyncioSelectorReactorTests.test_environmentPosixSpawnpEnvNotSet <--
2026-09-06 16:15:41+1000 [-] --> twisted.internet.test.test_process.ProcessTestsBuilder_AsyncioSelectorReactorTests.test_errorDuringExec <--
2026-09-06 16:15:41+1000 [-] --> twisted.internet.test.test_process.ProcessTestsBuilder_AsyncioSelectorReactorTests.test_openFileDescriptors <--
2026-09-06 16:15:41+1000 [-] --> twisted.internet.test.test_process.ProcessTestsBuilder_AsyncioSelectorReactorTests.test_pauseAndResumeProducing <--
2026-09-06 16:15:41+1000 [-] ReactorBuilder.tearDown reaping some processes {140: <Process pid=140 status=-1>}
2026-09-06 16:15:41+1000 [-] ReactorBuilder.tearDown reaping some processes {140: <Process pid=140 status=-1>}
2026-09-06 16:15:41+1000 [-] ReactorBuilder.tearDown reaping some processes {140: <Process pid=140 status=-1>}
2026-09-06 16:15:41+1000 [-] ReactorBuilder.tearDown reaping some processes {140: <Process pid=140 status=-1>}
2026-09-06 16:15:41+1000 [-] ReactorBuilder.tearDown reaping some processes {140: <Process pid=140 status=-1>}
2026-09-06 16:15:41+1000 [-] ReactorBuilder.tearDown reaping some processes {140: <Process pid=140 status=-1>}
2026-09-06 16:15:41+1000 [-] ReactorBuilder.tearDown reaping some processes {140: <Process pid=140 status=-1>}
2026-09-06 16:15:41+1000 [-] ReactorBuilder.tearDown reaping some processes {140: <Process pid=140 status=-1>}
2026-09-06 16:15:41+1000 [-] ReactorBuilder.tearDown reaping some processes {140: <Process pid=140 status=-1>}
2026-09-06 16:15:41+1000 [-] --> twisted.internet.test.test_process.ProcessTestsBuilder_AsyncioSelectorReactorTests.test_processCommandLineArguments <--
2026-09-06 16:15:41+1000 [-] --> twisted.internet.test.test_process.ProcessTestsBuilder_AsyncioSelectorReactorTests.test_processEnded <--
2026-09-06 16:15:41+1000 [-] childDataReceived(1, b'grandchild started')
2026-09-06 16:15:41+1000 [-] childConnectionLost(0)
2026-09-06 16:15:41+1000 [-] childConnectionLost(2)
2026-09-06 16:15:41+1000 [-] childConnectionLost(1)
2026-09-06 16:15:41+1000 [-] processExited(<twisted.python.failure.Failure twisted.internet.error.ProcessDone: A process has ended without apparent errors: process finished with exit code 0.>)
2026-09-06 16:15:41+1000 [-] processEnded(<twisted.python.failure.Failure twisted.internet.error.ProcessDone: A process has ended without apparent errors: process finished with exit code 0.>)
2026-09-06 16:15:41+1000 [-] --> twisted.internet.test.test_process.ProcessTestsBuilder_AsyncioSelectorReactorTests.test_processExited <--
2026-09-06 16:15:41+1000 [-] childDataReceived(1, b'grandchild started')
2026-09-06 16:15:41+1000 [-] processExited(<twisted.python.failure.Failure twisted.internet.error.ProcessDone: A process has ended without apparent errors: process finished with exit code 0.>)
2026-09-06 16:15:41+1000 [-] cbExited; lost = []
2026-09-06 16:15:41+1000 [-] childConnectionLost(0)
2026-09-06 16:15:41+1000 [-] childConnectionLost(2)
2026-09-06 16:15:41+1000 [-] childConnectionLost(1)
2026-09-06 16:15:41+1000 [-] --> twisted.internet.test.test_process.ProcessTestsBuilder_AsyncioSelectorReactorTests.test_processExitedRaises <--
2026-09-06 16:15:41+1000 [-] while calling processExited:
	Traceback (most recent call last):
	  File "/workspace/scratch/3e753b952683/O-gen32-observe/external-trials/g33-twisted-10635/repo/src/twisted/internet/_baseprocess.py", line 40, in _callProcessExited
	    self.proto.processExited(Failure(reason))
	  File "/workspace/scratch/3e753b952683/O-gen32-observe/external-trials/g33-twisted-10635/repo/src/twisted/internet/test/test_process.py", line 615, in processExited
	    raise TestException("processedExited raised")
	twisted.internet.test.test_process.TestException: processedExited raised
	
2026-09-06 16:15:41+1000 [-] --> twisted.internet.test.test_process.ProcessTestsBuilder_AsyncioSelectorReactorTests.test_processExitedWithSignal <--
2026-09-06 16:15:41+1000 [-] childDataReceived(1, b'x')
2026-09-06 16:15:41+1000 [-] childConnectionLost(2)
2026-09-06 16:15:41+1000 [-] childConnectionLost(1)
2026-09-06 16:15:41+1000 [-] childConnectionLost(0)
2026-09-06 16:15:41+1000 [-] processExited(<twisted.python.failure.Failure twisted.internet.error.ProcessTerminated: A process has ended with a probable error condition: process ended by signal 15.>)
2026-09-06 16:15:41+1000 [-] processEnded(<twisted.python.failure.Failure twisted.internet.error.ProcessTerminated: A process has ended with a probable error condition: process ended by signal 15.>)
2026-09-06 16:15:41+1000 [-] --> twisted.internet.test.test_process.ProcessTestsBuilder_AsyncioSelectorReactorTests.test_processTransportInterface <--
2026-09-06 16:15:41+1000 [-] --> twisted.internet.test.test_process.ProcessTestsBuilder_AsyncioSelectorReactorTests.test_process_unregistered_before_protocol_ended_callback <--
2026-09-06 16:15:41+1000 [-] --> twisted.internet.test.test_process.ProcessTestsBuilder_AsyncioSelectorReactorTests.test_shebang <--
2026-09-06 16:15:41+1000 [-] cbProcessExited((b'this is the shebang output', b'', 0))
2026-09-06 16:15:41+1000 [-] --> twisted.internet.test.test_process.ProcessTestsBuilder_AsyncioSelectorReactorTests.test_spawnProcessEarlyIsReaped <--
2026-09-06 16:15:41+1000 [-] --> twisted.internet.test.test_process.ProcessTestsBuilder_AsyncioSelectorReactorTests.test_systemCallUninterruptedByChildExit <--
2026-09-06 16:15:41+1000 [-] --> twisted.internet.test.test_process.ProcessTestsBuilder_AsyncioSelectorReactorTests.test_timelyProcessExited <--
2026-09-06 16:15:41+1000 [-] --> twisted.internet.test.test_process.ProcessTestsBuilder_AsyncioSelectorReactorTests.test_write <--
2026-09-06 16:15:41+1000 [-] --> twisted.internet.test.test_process.ProcessTestsBuilder_AsyncioSelectorReactorTests.test_writeSequence <--
2026-09-06 16:15:41+1000 [-] --> twisted.internet.test.test_process.ProcessTestsBuilder_AsyncioSelectorReactorTests.test_writeToChild <--
2026-09-06 16:15:41+1000 [-] --> twisted.internet.test.test_process.ProcessTestsBuilder_AsyncioSelectorReactorTests.test_writeToChildBadFileDescriptor <--
2026-09-06 16:15:41+1000 [-] --> twisted.internet.test.test_process.ProcessTestsBuilder_EPollReactorTests.test_changeGID <--
2026-09-06 16:15:41+1000 [-] Main loop terminated.
2026-09-06 16:15:41+1000 [-] --> twisted.internet.test.test_process.ProcessTestsBuilder_EPollReactorTests.test_changeUID <--
2026-09-06 16:15:41+1000 [-] Main loop terminated.
2026-09-06 16:15:41+1000 [-] --> twisted.internet.test.test_process.ProcessTestsBuilder_EPollReactorTests.test_childConnectionLost <--
2026-09-06 16:15:41+1000 [-] Main loop terminated.
2026-09-06 16:15:41+1000 [-] --> twisted.internet.test.test_process.ProcessTestsBuilder_EPollReactorTests.test_environmentForkEnvCustom <--
2026-09-06 16:15:41+1000 [-] Main loop terminated.
2026-09-06 16:15:41+1000 [-] --> twisted.internet.test.test_process.ProcessTestsBuilder_EPollReactorTests.test_environmentForkEnvNone <--
2026-09-06 16:15:41+1000 [-] Main loop terminated.
2026-09-06 16:15:42+1000 [-] --> twisted.internet.test.test_process.ProcessTestsBuilder_EPollReactorTests.test_environmentForkEnvNotSet <--
2026-09-06 16:15:42+1000 [-] Main loop terminated.
2026-09-06 16:15:42+1000 [-] --> twisted.internet.test.test_process.ProcessTestsBuilder_EPollReactorTests.test_environmentPosixSpawnpEnvCustom <--
2026-09-06 16:15:42+1000 [-] Main loop terminated.
2026-09-06 16:15:42+1000 [-] --> twisted.internet.test.test_process.ProcessTestsBuilder_EPollReactorTests.test_environmentPosixSpawnpEnvNone <--
2026-09-06 16:15:42+1000 [-] Main loop terminated.
2026-09-06 16:15:42+1000 [-] --> twisted.internet.test.test_process.ProcessTestsBuilder_EPollReactorTests.test_environmentPosixSpawnpEnvNotSet <--
2026-09-06 16:15:42+1000 [-] Main loop terminated.
2026-09-06 16:15:42+1000 [-] --> twisted.internet.test.test_process.ProcessTestsBuilder_EPollReactorTests.test_errorDuringExec <--
2026-09-06 16:15:42+1000 [-] Main loop terminated.
2026-09-06 16:15:42+1000 [-] --> twisted.internet.test.test_process.ProcessTestsBuilder_EPollReactorTests.test_openFileDescriptors <--
2026-09-06 16:15:42+1000 [-] Main loop terminated.
2026-09-06 16:15:42+1000 [-] --> twisted.internet.test.test_process.ProcessTestsBuilder_EPollReactorTests.test_pauseAndResumeProducing <--
2026-09-06 16:15:42+1000 [-] Main loop terminated.
2026-09-06 16:15:42+1000 [-] ReactorBuilder.tearDown reaping some processes {170: <Process pid=170 status=-1>}
2026-09-06 16:15:42+1000 [-] ReactorBuilder.tearDown reaping some processes {170: <Process pid=170 status=-1>}
2026-09-06 16:15:42+1000 [-] ReactorBuilder.tearDown reaping some processes {170: <Process pid=170 status=-1>}
2026-09-06 16:15:42+1000 [-] ReactorBuilder.tearDown reaping some processes {170: <Process pid=170 status=-1>}
2026-09-06 16:15:42+1000 [-] ReactorBuilder.tearDown reaping some processes {170: <Process pid=170 status=-1>}
2026-09-06 16:15:42+1000 [-] ReactorBuilder.tearDown reaping some processes {170: <Process pid=170 status=-1>}
2026-09-06 16:15:42+1000 [-] ReactorBuilder.tearDown reaping some processes {170: <Process pid=170 status=-1>}
2026-09-06 16:15:42+1000 [-] ReactorBuilder.tearDown reaping some processes {170: <Process pid=170 status=-1>}
2026-09-06 16:15:42+1000 [-] ReactorBuilder.tearDown reaping some processes {170: <Process pid=170 status=-1>}
2026-09-06 16:15:42+1000 [-] --> twisted.internet.test.test_process.ProcessTestsBuilder_EPollReactorTests.test_processCommandLineArguments <--
2026-09-06 16:15:42+1000 [-] Main loop terminated.
2026-09-06 16:15:42+1000 [-] --> twisted.internet.test.test_process.ProcessTestsBuilder_EPollReactorTests.test_processEnded <--
2026-09-06 16:15:42+1000 [-] childDataReceived(1, b'grandchild started')
2026-09-06 16:15:42+1000 [-] childConnectionLost(2)
2026-09-06 16:15:42+1000 [-] childConnectionLost(1)
2026-09-06 16:15:42+1000 [-] childConnectionLost(0)
2026-09-06 16:15:42+1000 [-] processExited(<twisted.python.failure.Failure twisted.internet.error.ProcessDone: A process has ended without apparent errors: process finished with exit code 0.>)
2026-09-06 16:15:42+1000 [-] processEnded(<twisted.python.failure.Failure twisted.internet.error.ProcessDone: A process has ended without apparent errors: process finished with exit code 0.>)
2026-09-06 16:15:42+1000 [-] Main loop terminated.
2026-09-06 16:15:42+1000 [-] --> twisted.internet.test.test_process.ProcessTestsBuilder_EPollReactorTests.test_processExited <--
2026-09-06 16:15:42+1000 [-] childDataReceived(1, b'grandchild started')
2026-09-06 16:15:42+1000 [-] processExited(<twisted.python.failure.Failure twisted.internet.error.ProcessDone: A process has ended without apparent errors: process finished with exit code 0.>)
2026-09-06 16:15:42+1000 [-] cbExited; lost = []
2026-09-06 16:15:42+1000 [-] childConnectionLost(2)
2026-09-06 16:15:42+1000 [-] childConnectionLost(1)
2026-09-06 16:15:42+1000 [-] childConnectionLost(0)
2026-09-06 16:15:42+1000 [-] Main loop terminated.
2026-09-06 16:15:42+1000 [-] --> twisted.internet.test.test_process.ProcessTestsBuilder_EPollReactorTests.test_processExitedRaises <--
2026-09-06 16:15:42+1000 [-] while calling processExited:
	Traceback (most recent call last):
	  File "/workspace/scratch/3e753b952683/O-gen32-observe/external-trials/g33-twisted-10635/repo/src/twisted/internet/_baseprocess.py", line 40, in _callProcessExited
	    self.proto.processExited(Failure(reason))
	  File "/workspace/scratch/3e753b952683/O-gen32-observe/external-trials/g33-twisted-10635/repo/src/twisted/internet/test/test_process.py", line 615, in processExited
	    raise TestException("processedExited raised")
	twisted.internet.test.test_process.TestException: processedExited raised
	
2026-09-06 16:15:42+1000 [-] Main loop terminated.
2026-09-06 16:15:42+1000 [-] --> twisted.internet.test.test_process.ProcessTestsBuilder_EPollReactorTests.test_processExitedWithSignal <--
2026-09-06 16:15:42+1000 [-] childDataReceived(1, b'x')
2026-09-06 16:15:42+1000 [-] childConnectionLost(2)
2026-09-06 16:15:42+1000 [-] childConnectionLost(1)
2026-09-06 16:15:42+1000 [-] childConnectionLost(0)
2026-09-06 16:15:42+1000 [-] processExited(<twisted.python.failure.Failure twisted.internet.error.ProcessTerminated: A process has ended with a probable error condition: process ended by signal 15.>)
2026-09-06 16:15:42+1000 [-] processEnded(<twisted.python.failure.Failure twisted.internet.error.ProcessTerminated: A process has ended with a probable error condition: process ended by signal 15.>)
2026-09-06 16:15:42+1000 [-] Main loop terminated.
2026-09-06 16:15:42+1000 [-] --> twisted.internet.test.test_process.ProcessTestsBuilder_EPollReactorTests.test_processTransportInterface <--
2026-09-06 16:15:42+1000 [-] Main loop terminated.
2026-09-06 16:15:42+1000 [-] --> twisted.internet.test.test_process.ProcessTestsBuilder_EPollReactorTests.test_process_unregistered_before_protocol_ended_callback <--
2026-09-06 16:15:42+1000 [-] Main loop terminated.
2026-09-06 16:15:42+1000 [-] --> twisted.internet.test.test_process.ProcessTestsBuilder_EPollReactorTests.test_shebang <--
2026-09-06 16:15:42+1000 [-] cbProcessExited((b'this is the shebang output', b'', 0))
2026-09-06 16:15:42+1000 [-] Main loop terminated.
2026-09-06 16:15:42+1000 [-] --> twisted.internet.test.test_process.ProcessTestsBuilder_EPollReactorTests.test_spawnProcessEarlyIsReaped <--
2026-09-06 16:15:42+1000 [-] Main loop terminated.
2026-09-06 16:15:42+1000 [-] --> twisted.internet.test.test_process.ProcessTestsBuilder_EPollReactorTests.test_systemCallUninterruptedByChildExit <--
2026-09-06 16:15:42+1000 [-] Main loop terminated.
2026-09-06 16:15:42+1000 [-] --> twisted.internet.test.test_process.ProcessTestsBuilder_EPollReactorTests.test_timelyProcessExited <--
2026-09-06 16:15:42+1000 [-] Main loop terminated.
2026-09-06 16:15:42+1000 [-] --> twisted.internet.test.test_process.ProcessTestsBuilder_EPollReactorTests.test_write <--
2026-09-06 16:15:42+1000 [-] Main loop terminated.
2026-09-06 16:15:42+1000 [-] --> twisted.internet.test.test_process.ProcessTestsBuilder_EPollReactorTests.test_writeSequence <--
2026-09-06 16:15:42+1000 [-] Main loop terminated.
2026-09-06 16:15:42+1000 [-] --> twisted.internet.test.test_process.ProcessTestsBuilder_EPollReactorTests.test_writeToChild <--
2026-09-06 16:15:42+1000 [-] Main loop terminated.
2026-09-06 16:15:42+1000 [-] --> twisted.internet.test.test_process.ProcessTestsBuilder_EPollReactorTests.test_writeToChildBadFileDescriptor <--
2026-09-06 16:15:42+1000 [-] Main loop terminated.
2026-09-06 16:15:42+1000 [-] --> twisted.internet.test.test_process.ProcessTestsBuilder_GIReactorTests.test_changeGID <--
2026-09-06 16:15:42+1000 [-] --> twisted.internet.test.test_process.ProcessTestsBuilder_GIReactorTests.test_changeUID <--
2026-09-06 16:15:42+1000 [-] --> twisted.internet.test.test_process.ProcessTestsBuilder_GIReactorTests.test_childConnectionLost <--
2026-09-06 16:15:42+1000 [-] --> twisted.internet.test.test_process.ProcessTestsBuilder_GIReactorTests.test_environmentForkEnvCustom <--
2026-09-06 16:15:42+1000 [-] --> twisted.internet.test.test_process.ProcessTestsBuilder_GIReactorTests.test_environmentForkEnvNone <--
2026-09-06 16:15:42+1000 [-] --> twisted.internet.test.test_process.ProcessTestsBuilder_GIReactorTests.test_environmentForkEnvNotSet <--
2026-09-06 16:15:42+1000 [-] --> twisted.internet.test.test_process.ProcessTestsBuilder_GIReactorTests.test_environmentPosixSpawnpEnvCustom <--
2026-09-06 16:15:42+1000 [-] --> twisted.internet.test.test_process.ProcessTestsBuilder_GIReactorTests.test_environmentPosixSpawnpEnvNone <--
2026-09-06 16:15:42+1000 [-] --> twisted.internet.test.test_process.ProcessTestsBuilder_GIReactorTests.test_environmentPosixSpawnpEnvNotSet <--
2026-09-06 16:15:42+1000 [-] --> twisted.internet.test.test_process.ProcessTestsBuilder_GIReactorTests.test_errorDuringExec <--
2026-09-06 16:15:42+1000 [-] --> twisted.internet.test.test_process.ProcessTestsBuilder_GIReactorTests.test_openFileDescriptors <--
2026-09-06 16:15:42+1000 [-] --> twisted.internet.test.test_process.ProcessTestsBuilder_GIReactorTests.test_pauseAndResumeProducing <--
2026-09-06 16:15:42+1000 [-] --> twisted.internet.test.test_process.ProcessTestsBuilder_GIReactorTests.test_processCommandLineArguments <--
2026-09-06 16:15:42+1000 [-] --> twisted.internet.test.test_process.ProcessTestsBuilder_GIReactorTests.test_processEnded <--
2026-09-06 16:15:42+1000 [-] --> twisted.internet.test.test_process.ProcessTestsBuilder_GIReactorTests.test_processExited <--
2026-09-06 16:15:42+1000 [-] --> twisted.internet.test.test_process.ProcessTestsBuilder_GIReactorTests.test_processExitedRaises <--
2026-09-06 16:15:42+1000 [-] --> twisted.internet.test.test_process.ProcessTestsBuilder_GIReactorTests.test_processExitedWithSignal <--
2026-09-06 16:15:42+1000 [-] --> twisted.internet.test.test_process.ProcessTestsBuilder_GIReactorTests.test_processTransportInterface <--
2026-09-06 16:15:42+1000 [-] --> twisted.internet.test.test_process.ProcessTestsBuilder_GIReactorTests.test_process_unregistered_before_protocol_ended_callback <--
2026-09-06 16:15:42+1000 [-] --> twisted.internet.test.test_process.ProcessTestsBuilder_GIReactorTests.test_shebang <--
2026-09-06 16:15:42+1000 [-] --> twisted.internet.test.test_process.ProcessTestsBuilder_GIReactorTests.test_spawnProcessEarlyIsReaped <--
2026-09-06 16:15:42+1000 [-] --> twisted.internet.test.test_process.ProcessTestsBuilder_GIReactorTests.test_systemCallUninterruptedByChildExit <--
2026-09-06 16:15:42+1000 [-] --> twisted.internet.test.test_process.ProcessTestsBuilder_GIReactorTests.test_timelyProcessExited <--
2026-09-06 16:15:42+1000 [-] --> twisted.internet.test.test_process.ProcessTestsBuilder_GIReactorTests.test_write <--
2026-09-06 16:15:42+1000 [-] --> twisted.internet.test.test_process.ProcessTestsBuilder_GIReactorTests.test_writeSequence <--
2026-09-06 16:15:42+1000 [-] --> twisted.internet.test.test_process.ProcessTestsBuilder_GIReactorTests.test_writeToChild <--
2026-09-06 16:15:42+1000 [-] --> twisted.internet.test.test_process.ProcessTestsBuilder_GIReactorTests.test_writeToChildBadFileDescriptor <--
2026-09-06 16:15:42+1000 [-] --> twisted.internet.test.test_process.ProcessTestsBuilder_PollReactorTests.test_changeGID <--
2026-09-06 16:15:42+1000 [-] Main loop terminated.
2026-09-06 16:15:42+1000 [-] --> twisted.internet.test.test_process.ProcessTestsBuilder_PollReactorTests.test_changeUID <--
2026-09-06 16:15:42+1000 [-] Main loop terminated.
2026-09-06 16:15:42+1000 [-] --> twisted.internet.test.test_process.ProcessTestsBuilder_PollReactorTests.test_childConnectionLost <--
2026-09-06 16:15:42+1000 [-] Main loop terminated.
2026-09-06 16:15:42+1000 [-] --> twisted.internet.test.test_process.ProcessTestsBuilder_PollReactorTests.test_environmentForkEnvCustom <--
2026-09-06 16:15:42+1000 [-] Main loop terminated.
2026-09-06 16:15:42+1000 [-] --> twisted.internet.test.test_process.ProcessTestsBuilder_PollReactorTests.test_environmentForkEnvNone <--
2026-09-06 16:15:42+1000 [-] Main loop terminated.
2026-09-06 16:15:42+1000 [-] --> twisted.internet.test.test_process.ProcessTestsBuilder_PollReactorTests.test_environmentForkEnvNotSet <--
2026-09-06 16:15:43+1000 [-] Main loop terminated.
2026-09-06 16:15:43+1000 [-] --> twisted.internet.test.test_process.ProcessTestsBuilder_PollReactorTests.test_environmentPosixSpawnpEnvCustom <--
2026-09-06 16:15:43+1000 [-] Main loop terminated.
2026-09-06 16:15:43+1000 [-] --> twisted.internet.test.test_process.ProcessTestsBuilder_PollReactorTests.test_environmentPosixSpawnpEnvNone <--
2026-09-06 16:15:43+1000 [-] Main loop terminated.
2026-09-06 16:15:43+1000 [-] --> twisted.internet.test.test_process.ProcessTestsBuilder_PollReactorTests.test_environmentPosixSpawnpEnvNotSet <--
2026-09-06 16:15:43+1000 [-] Main loop terminated.
2026-09-06 16:15:43+1000 [-] --> twisted.internet.test.test_process.ProcessTestsBuilder_PollReactorTests.test_errorDuringExec <--
2026-09-06 16:15:43+1000 [-] Main loop terminated.
2026-09-06 16:15:43+1000 [-] --> twisted.internet.test.test_process.ProcessTestsBuilder_PollReactorTests.test_openFileDescriptors <--
2026-09-06 16:15:43+1000 [-] Main loop terminated.
2026-09-06 16:15:43+1000 [-] --> twisted.internet.test.test_process.ProcessTestsBuilder_PollReactorTests.test_pauseAndResumeProducing <--
2026-09-06 16:15:43+1000 [-] Main loop terminated.
2026-09-06 16:15:43+1000 [-] ReactorBuilder.tearDown reaping some processes {200: <Process pid=200 status=-1>}
2026-09-06 16:15:43+1000 [-] ReactorBuilder.tearDown reaping some processes {200: <Process pid=200 status=-1>}
2026-09-06 16:15:43+1000 [-] ReactorBuilder.tearDown reaping some processes {200: <Process pid=200 status=-1>}
2026-09-06 16:15:43+1000 [-] ReactorBuilder.tearDown reaping some processes {200: <Process pid=200 status=-1>}
2026-09-06 16:15:43+1000 [-] ReactorBuilder.tearDown reaping some processes {200: <Process pid=200 status=-1>}
2026-09-06 16:15:43+1000 [-] ReactorBuilder.tearDown reaping some processes {200: <Process pid=200 status=-1>}
2026-09-06 16:15:43+1000 [-] ReactorBuilder.tearDown reaping some processes {200: <Process pid=200 status=-1>}
2026-09-06 16:15:43+1000 [-] ReactorBuilder.tearDown reaping some processes {200: <Process pid=200 status=-1>}
2026-09-06 16:15:43+1000 [-] ReactorBuilder.tearDown reaping some processes {200: <Process pid=200 status=-1>}
2026-09-06 16:15:43+1000 [-] ReactorBuilder.tearDown reaping some processes {200: <Process pid=200 status=-1>}
2026-09-06 16:15:43+1000 [-] --> twisted.internet.test.test_process.ProcessTestsBuilder_PollReactorTests.test_processCommandLineArguments <--
2026-09-06 16:15:43+1000 [-] Main loop terminated.
2026-09-06 16:15:43+1000 [-] --> twisted.internet.test.test_process.ProcessTestsBuilder_PollReactorTests.test_processEnded <--
2026-09-06 16:15:43+1000 [-] childDataReceived(1, b'grandchild started')
2026-09-06 16:15:43+1000 [-] childConnectionLost(2)
2026-09-06 16:15:43+1000 [-] childConnectionLost(1)
2026-09-06 16:15:43+1000 [-] childConnectionLost(0)
2026-09-06 16:15:43+1000 [-] processExited(<twisted.python.failure.Failure twisted.internet.error.ProcessDone: A process has ended without apparent errors: process finished with exit code 0.>)
2026-09-06 16:15:43+1000 [-] processEnded(<twisted.python.failure.Failure twisted.internet.error.ProcessDone: A process has ended without apparent errors: process finished with exit code 0.>)
2026-09-06 16:15:43+1000 [-] Main loop terminated.
2026-09-06 16:15:43+1000 [-] --> twisted.internet.test.test_process.ProcessTestsBuilder_PollReactorTests.test_processExited <--
2026-09-06 16:15:43+1000 [-] childDataReceived(1, b'grandchild started')
2026-09-06 16:15:43+1000 [-] processExited(<twisted.python.failure.Failure twisted.internet.error.ProcessDone: A process has ended without apparent errors: process finished with exit code 0.>)
2026-09-06 16:15:43+1000 [-] cbExited; lost = []
2026-09-06 16:15:43+1000 [-] childConnectionLost(2)
2026-09-06 16:15:43+1000 [-] childConnectionLost(1)
2026-09-06 16:15:43+1000 [-] childConnectionLost(0)
2026-09-06 16:15:43+1000 [-] Main loop terminated.
2026-09-06 16:15:43+1000 [-] --> twisted.internet.test.test_process.ProcessTestsBuilder_PollReactorTests.test_processExitedRaises <--
2026-09-06 16:15:43+1000 [-] while calling processExited:
	Traceback (most recent call last):
	  File "/workspace/scratch/3e753b952683/O-gen32-observe/external-trials/g33-twisted-10635/repo/src/twisted/internet/_baseprocess.py", line 40, in _callProcessExited
	    self.proto.processExited(Failure(reason))
	  File "/workspace/scratch/3e753b952683/O-gen32-observe/external-trials/g33-twisted-10635/repo/src/twisted/internet/test/test_process.py", line 615, in processExited
	    raise TestException("processedExited raised")
	twisted.internet.test.test_process.TestException: processedExited raised
	
2026-09-06 16:15:43+1000 [-] Main loop terminated.
2026-09-06 16:15:43+1000 [-] --> twisted.internet.test.test_process.ProcessTestsBuilder_PollReactorTests.test_processExitedWithSignal <--
2026-09-06 16:15:43+1000 [-] childDataReceived(1, b'x')
2026-09-06 16:15:43+1000 [-] childConnectionLost(0)
2026-09-06 16:15:43+1000 [-] childConnectionLost(1)
2026-09-06 16:15:43+1000 [-] childConnectionLost(2)
2026-09-06 16:15:43+1000 [-] processExited(<twisted.python.failure.Failure twisted.internet.error.ProcessTerminated: A process has ended with a probable error condition: process ended by signal 15.>)
2026-09-06 16:15:43+1000 [-] processEnded(<twisted.python.failure.Failure twisted.internet.error.ProcessTerminated: A process has ended with a probable error condition: process ended by signal 15.>)
2026-09-06 16:15:43+1000 [-] Main loop terminated.
2026-09-06 16:15:43+1000 [-] --> twisted.internet.test.test_process.ProcessTestsBuilder_PollReactorTests.test_processTransportInterface <--
2026-09-06 16:15:43+1000 [-] Main loop terminated.
2026-09-06 16:15:43+1000 [-] --> twisted.internet.test.test_process.ProcessTestsBuilder_PollReactorTests.test_process_unregistered_before_protocol_ended_callback <--
2026-09-06 16:15:43+1000 [-] Main loop terminated.
2026-09-06 16:15:43+1000 [-] --> twisted.internet.test.test_process.ProcessTestsBuilder_PollReactorTests.test_shebang <--
2026-09-06 16:15:43+1000 [-] cbProcessExited((b'this is the shebang output', b'', 0))
2026-09-06 16:15:43+1000 [-] Main loop terminated.
2026-09-06 16:15:43+1000 [-] --> twisted.internet.test.test_process.ProcessTestsBuilder_PollReactorTests.test_spawnProcessEarlyIsReaped <--
2026-09-06 16:15:43+1000 [-] Main loop terminated.
2026-09-06 16:15:43+1000 [-] --> twisted.internet.test.test_process.ProcessTestsBuilder_PollReactorTests.test_systemCallUninterruptedByChildExit <--
2026-09-06 16:15:43+1000 [-] Main loop terminated.
2026-09-06 16:15:43+1000 [-] --> twisted.internet.test.test_process.ProcessTestsBuilder_PollReactorTests.test_timelyProcessExited <--
2026-09-06 16:15:43+1000 [-] Main loop terminated.
2026-09-06 16:15:43+1000 [-] --> twisted.internet.test.test_process.ProcessTestsBuilder_PollReactorTests.test_write <--
2026-09-06 16:15:43+1000 [-] Main loop terminated.
2026-09-06 16:15:43+1000 [-] --> twisted.internet.test.test_process.ProcessTestsBuilder_PollReactorTests.test_writeSequence <--
2026-09-06 16:15:43+1000 [-] Main loop terminated.
2026-09-06 16:15:43+1000 [-] --> twisted.internet.test.test_process.ProcessTestsBuilder_PollReactorTests.test_writeToChild <--
2026-09-06 16:15:43+1000 [-] Main loop terminated.
2026-09-06 16:15:43+1000 [-] --> twisted.internet.test.test_process.ProcessTestsBuilder_PollReactorTests.test_writeToChildBadFileDescriptor <--
2026-09-06 16:15:43+1000 [-] Main loop terminated.
2026-09-06 16:15:43+1000 [-] --> twisted.internet.test.test_process.ProcessTestsBuilder_SelectReactorTests.test_changeGID <--
2026-09-06 16:15:43+1000 [-] Main loop terminated.
2026-09-06 16:15:43+1000 [-] --> twisted.internet.test.test_process.ProcessTestsBuilder_SelectReactorTests.test_changeUID <--
2026-09-06 16:15:43+1000 [-] Main loop terminated.
2026-09-06 16:15:43+1000 [-] --> twisted.internet.test.test_process.ProcessTestsBuilder_SelectReactorTests.test_childConnectionLost <--
2026-09-06 16:15:43+1000 [-] Main loop terminated.
2026-09-06 16:15:43+1000 [-] --> twisted.internet.test.test_process.ProcessTestsBuilder_SelectReactorTests.test_environmentForkEnvCustom <--
2026-09-06 16:15:43+1000 [-] Main loop terminated.
2026-09-06 16:15:43+1000 [-] --> twisted.internet.test.test_process.ProcessTestsBuilder_SelectReactorTests.test_environmentForkEnvNone <--
2026-09-06 16:15:43+1000 [-] Main loop terminated.
2026-09-06 16:15:43+1000 [-] --> twisted.internet.test.test_process.ProcessTestsBuilder_SelectReactorTests.test_environmentForkEnvNotSet <--
2026-09-06 16:15:43+1000 [-] Main loop terminated.
2026-09-06 16:15:43+1000 [-] --> twisted.internet.test.test_process.ProcessTestsBuilder_SelectReactorTests.test_environmentPosixSpawnpEnvCustom <--
2026-09-06 16:15:44+1000 [-] Main loop terminated.
2026-09-06 16:15:44+1000 [-] --> twisted.internet.test.test_process.ProcessTestsBuilder_SelectReactorTests.test_environmentPosixSpawnpEnvNone <--
2026-09-06 16:15:44+1000 [-] Main loop terminated.
2026-09-06 16:15:44+1000 [-] --> twisted.internet.test.test_process.ProcessTestsBuilder_SelectReactorTests.test_environmentPosixSpawnpEnvNotSet <--
2026-09-06 16:15:44+1000 [-] Main loop terminated.
2026-09-06 16:15:44+1000 [-] --> twisted.internet.test.test_process.ProcessTestsBuilder_SelectReactorTests.test_errorDuringExec <--
2026-09-06 16:15:44+1000 [-] Main loop terminated.
2026-09-06 16:15:44+1000 [-] --> twisted.internet.test.test_process.ProcessTestsBuilder_SelectReactorTests.test_openFileDescriptors <--
2026-09-06 16:15:44+1000 [-] Main loop terminated.
2026-09-06 16:15:44+1000 [-] --> twisted.internet.test.test_process.ProcessTestsBuilder_SelectReactorTests.test_pauseAndResumeProducing <--
2026-09-06 16:15:44+1000 [-] Main loop terminated.
2026-09-06 16:15:44+1000 [-] ReactorBuilder.tearDown reaping some processes {230: <Process pid=230 status=-1>}
2026-09-06 16:15:44+1000 [-] ReactorBuilder.tearDown reaping some processes {230: <Process pid=230 status=-1>}
2026-09-06 16:15:44+1000 [-] ReactorBuilder.tearDown reaping some processes {230: <Process pid=230 status=-1>}
2026-09-06 16:15:44+1000 [-] ReactorBuilder.tearDown reaping some processes {230: <Process pid=230 status=-1>}
2026-09-06 16:15:44+1000 [-] ReactorBuilder.tearDown reaping some processes {230: <Process pid=230 status=-1>}
2026-09-06 16:15:44+1000 [-] ReactorBuilder.tearDown reaping some processes {230: <Process pid=230 status=-1>}
2026-09-06 16:15:44+1000 [-] ReactorBuilder.tearDown reaping some processes {230: <Process pid=230 status=-1>}
2026-09-06 16:15:44+1000 [-] ReactorBuilder.tearDown reaping some processes {230: <Process pid=230 status=-1>}
2026-09-06 16:15:44+1000 [-] ReactorBuilder.tearDown reaping some processes {230: <Process pid=230 status=-1>}
2026-09-06 16:15:44+1000 [-] ReactorBuilder.tearDown reaping some processes {230: <Process pid=230 status=-1>}
2026-09-06 16:15:44+1000 [-] --> twisted.internet.test.test_process.ProcessTestsBuilder_SelectReactorTests.test_processCommandLineArguments <--
2026-09-06 16:15:44+1000 [-] Main loop terminated.
2026-09-06 16:15:44+1000 [-] --> twisted.internet.test.test_process.ProcessTestsBuilder_SelectReactorTests.test_processEnded <--
2026-09-06 16:15:44+1000 [-] childDataReceived(1, b'grandchild started')
2026-09-06 16:15:44+1000 [-] childConnectionLost(2)
2026-09-06 16:15:44+1000 [-] childConnectionLost(1)
2026-09-06 16:15:44+1000 [-] childConnectionLost(0)
2026-09-06 16:15:44+1000 [-] processExited(<twisted.python.failure.Failure twisted.internet.error.ProcessDone: A process has ended without apparent errors: process finished with exit code 0.>)
2026-09-06 16:15:44+1000 [-] processEnded(<twisted.python.failure.Failure twisted.internet.error.ProcessDone: A process has ended without apparent errors: process finished with exit code 0.>)
2026-09-06 16:15:44+1000 [-] Main loop terminated.
2026-09-06 16:15:44+1000 [-] --> twisted.internet.test.test_process.ProcessTestsBuilder_SelectReactorTests.test_processExited <--
2026-09-06 16:15:44+1000 [-] childDataReceived(1, b'grandchild started')
2026-09-06 16:15:44+1000 [-] processExited(<twisted.python.failure.Failure twisted.internet.error.ProcessDone: A process has ended without apparent errors: process finished with exit code 0.>)
2026-09-06 16:15:44+1000 [-] cbExited; lost = []
2026-09-06 16:15:44+1000 [-] childConnectionLost(2)
2026-09-06 16:15:44+1000 [-] childConnectionLost(1)
2026-09-06 16:15:44+1000 [-] childConnectionLost(0)
2026-09-06 16:15:44+1000 [-] Main loop terminated.
2026-09-06 16:15:44+1000 [-] --> twisted.internet.test.test_process.ProcessTestsBuilder_SelectReactorTests.test_processExitedRaises <--
2026-09-06 16:15:44+1000 [-] while calling processExited:
	Traceback (most recent call last):
	  File "/workspace/scratch/3e753b952683/O-gen32-observe/external-trials/g33-twisted-10635/repo/src/twisted/internet/_baseprocess.py", line 40, in _callProcessExited
	    self.proto.processExited(Failure(reason))
	  File "/workspace/scratch/3e753b952683/O-gen32-observe/external-trials/g33-twisted-10635/repo/src/twisted/internet/test/test_process.py", line 615, in processExited
	    raise TestException("processedExited raised")
	twisted.internet.test.test_process.TestException: processedExited raised
	
2026-09-06 16:15:44+1000 [-] Main loop terminated.
2026-09-06 16:15:44+1000 [-] --> twisted.internet.test.test_process.ProcessTestsBuilder_SelectReactorTests.test_processExitedWithSignal <--
2026-09-06 16:15:44+1000 [-] childDataReceived(1, b'x')
2026-09-06 16:15:44+1000 [-] childConnectionLost(1)
2026-09-06 16:15:44+1000 [-] childConnectionLost(2)
2026-09-06 16:15:44+1000 [-] childConnectionLost(0)
2026-09-06 16:15:44+1000 [-] processExited(<twisted.python.failure.Failure twisted.internet.error.ProcessTerminated: A process has ended with a probable error condition: process ended by signal 15.>)
2026-09-06 16:15:44+1000 [-] processEnded(<twisted.python.failure.Failure twisted.internet.error.ProcessTerminated: A process has ended with a probable error condition: process ended by signal 15.>)
2026-09-06 16:15:44+1000 [-] Main loop terminated.
2026-09-06 16:15:44+1000 [-] --> twisted.internet.test.test_process.ProcessTestsBuilder_SelectReactorTests.test_processTransportInterface <--
2026-09-06 16:15:44+1000 [-] Main loop terminated.
2026-09-06 16:15:44+1000 [-] --> twisted.internet.test.test_process.ProcessTestsBuilder_SelectReactorTests.test_process_unregistered_before_protocol_ended_callback <--
2026-09-06 16:15:44+1000 [-] Main loop terminated.
2026-09-06 16:15:44+1000 [-] --> twisted.internet.test.test_process.ProcessTestsBuilder_SelectReactorTests.test_shebang <--
2026-09-06 16:15:44+1000 [-] cbProcessExited((b'this is the shebang output', b'', 0))
2026-09-06 16:15:44+1000 [-] Main loop terminated.
2026-09-06 16:15:44+1000 [-] --> twisted.internet.test.test_process.ProcessTestsBuilder_SelectReactorTests.test_spawnProcessEarlyIsReaped <--
2026-09-06 16:15:44+1000 [-] Main loop terminated.
2026-09-06 16:15:44+1000 [-] --> twisted.internet.test.test_process.ProcessTestsBuilder_SelectReactorTests.test_systemCallUninterruptedByChildExit <--
2026-09-06 16:15:44+1000 [-] Main loop terminated.
2026-09-06 16:15:44+1000 [-] --> twisted.internet.test.test_process.ProcessTestsBuilder_SelectReactorTests.test_timelyProcessExited <--
2026-09-06 16:15:44+1000 [-] Main loop terminated.
2026-09-06 16:15:44+1000 [-] --> twisted.internet.test.test_process.ProcessTestsBuilder_SelectReactorTests.test_write <--
2026-09-06 16:15:44+1000 [-] Main loop terminated.
2026-09-06 16:15:44+1000 [-] --> twisted.internet.test.test_process.ProcessTestsBuilder_SelectReactorTests.test_writeSequence <--
2026-09-06 16:15:44+1000 [-] Main loop terminated.
2026-09-06 16:15:44+1000 [-] --> twisted.internet.test.test_process.ProcessTestsBuilder_SelectReactorTests.test_writeToChild <--
2026-09-06 16:15:44+1000 [-] Main loop terminated.
2026-09-06 16:15:44+1000 [-] --> twisted.internet.test.test_process.ProcessTestsBuilder_SelectReactorTests.test_writeToChildBadFileDescriptor <--
2026-09-06 16:15:44+1000 [-] Main loop terminated.
2026-09-06 16:15:44+1000 [-] --> twisted.internet.test.test_process.ProcessTestsBuilder_ThreadedSelectReactorTests.test_changeGID <--
2026-09-06 16:15:44+1000 [-] Main loop terminated.
2026-09-06 16:15:44+1000 [-] --> twisted.internet.test.test_process.ProcessTestsBuilder_ThreadedSelectReactorTests.test_changeUID <--
2026-09-06 16:15:44+1000 [-] Main loop terminated.
2026-09-06 16:15:44+1000 [-] --> twisted.internet.test.test_process.ProcessTestsBuilder_ThreadedSelectReactorTests.test_childConnectionLost <--
2026-09-06 16:15:44+1000 [-] Main loop terminated.
2026-09-06 16:15:44+1000 [-] --> twisted.internet.test.test_process.ProcessTestsBuilder_ThreadedSelectReactorTests.test_environmentForkEnvCustom <--
2026-09-06 16:15:44+1000 [-] Main loop terminated.
2026-09-06 16:15:44+1000 [-] --> twisted.internet.test.test_process.ProcessTestsBuilder_ThreadedSelectReactorTests.test_environmentForkEnvNone <--
2026-09-06 16:15:44+1000 [-] Main loop terminated.
2026-09-06 16:15:44+1000 [-] --> twisted.internet.test.test_process.ProcessTestsBuilder_ThreadedSelectReactorTests.test_environmentForkEnvNotSet <--
2026-09-06 16:15:44+1000 [-] Main loop terminated.
2026-09-06 16:15:44+1000 [-] --> twisted.internet.test.test_process.ProcessTestsBuilder_ThreadedSelectReactorTests.test_environmentPosixSpawnpEnvCustom <--
2026-09-06 16:15:45+1000 [-] Main loop terminated.
2026-09-06 16:15:45+1000 [-] --> twisted.internet.test.test_process.ProcessTestsBuilder_ThreadedSelectReactorTests.test_environmentPosixSpawnpEnvNone <--
2026-09-06 16:15:45+1000 [-] Main loop terminated.
2026-09-06 16:15:45+1000 [-] --> twisted.internet.test.test_process.ProcessTestsBuilder_ThreadedSelectReactorTests.test_environmentPosixSpawnpEnvNotSet <--
2026-09-06 16:15:45+1000 [-] Main loop terminated.
2026-09-06 16:15:45+1000 [-] --> twisted.internet.test.test_process.ProcessTestsBuilder_ThreadedSelectReactorTests.test_errorDuringExec <--
2026-09-06 16:15:45+1000 [-] Main loop terminated.
2026-09-06 16:15:45+1000 [-] --> twisted.internet.test.test_process.ProcessTestsBuilder_ThreadedSelectReactorTests.test_openFileDescriptors <--
2026-09-06 16:15:45+1000 [-] Main loop terminated.
2026-09-06 16:15:45+1000 [-] --> twisted.internet.test.test_process.ProcessTestsBuilder_ThreadedSelectReactorTests.test_pauseAndResumeProducing <--
2026-09-06 16:15:45+1000 [-] Main loop terminated.
2026-09-06 16:15:45+1000 [-] ReactorBuilder.tearDown reaping some processes {297: <Process pid=297 status=-1>}
2026-09-06 16:15:45+1000 [-] ReactorBuilder.tearDown reaping some processes {297: <Process pid=297 status=-1>}
2026-09-06 16:15:45+1000 [-] ReactorBuilder.tearDown reaping some processes {297: <Process pid=297 status=-1>}
2026-09-06 16:15:45+1000 [-] ReactorBuilder.tearDown reaping some processes {297: <Process pid=297 status=-1>}
2026-09-06 16:15:45+1000 [-] ReactorBuilder.tearDown reaping some processes {297: <Process pid=297 status=-1>}
2026-09-06 16:15:45+1000 [-] ReactorBuilder.tearDown reaping some processes {297: <Process pid=297 status=-1>}
2026-09-06 16:15:45+1000 [-] ReactorBuilder.tearDown reaping some processes {297: <Process pid=297 status=-1>}
2026-09-06 16:15:45+1000 [-] ReactorBuilder.tearDown reaping some processes {297: <Process pid=297 status=-1>}
2026-09-06 16:15:45+1000 [-] ReactorBuilder.tearDown reaping some processes {297: <Process pid=297 status=-1>}
2026-09-06 16:15:45+1000 [-] ReactorBuilder.tearDown reaping some processes {297: <Process pid=297 status=-1>}
2026-09-06 16:15:45+1000 [-] --> twisted.internet.test.test_process.ProcessTestsBuilder_ThreadedSelectReactorTests.test_processCommandLineArguments <--
2026-09-06 16:15:45+1000 [-] Main loop terminated.
2026-09-06 16:15:45+1000 [-] --> twisted.internet.test.test_process.ProcessTestsBuilder_ThreadedSelectReactorTests.test_processEnded <--
2026-09-06 16:15:45+1000 [-] childDataReceived(1, b'grandchild started')
2026-09-06 16:15:45+1000 [-] childConnectionLost(2)
2026-09-06 16:15:45+1000 [-] childConnectionLost(1)
2026-09-06 16:15:45+1000 [-] childConnectionLost(0)
2026-09-06 16:15:45+1000 [-] processExited(<twisted.python.failure.Failure twisted.internet.error.ProcessDone: A process has ended without apparent errors: process finished with exit code 0.>)
2026-09-06 16:15:45+1000 [-] processEnded(<twisted.python.failure.Failure twisted.internet.error.ProcessDone: A process has ended without apparent errors: process finished with exit code 0.>)
2026-09-06 16:15:45+1000 [-] Main loop terminated.
2026-09-06 16:15:45+1000 [-] --> twisted.internet.test.test_process.ProcessTestsBuilder_ThreadedSelectReactorTests.test_processExited <--
2026-09-06 16:15:45+1000 [-] childDataReceived(1, b'grandchild started')
2026-09-06 16:15:45+1000 [-] processExited(<twisted.python.failure.Failure twisted.internet.error.ProcessDone: A process has ended without apparent errors: process finished with exit code 0.>)
2026-09-06 16:15:45+1000 [-] cbExited; lost = []
2026-09-06 16:15:45+1000 [-] childConnectionLost(2)
2026-09-06 16:15:45+1000 [-] childConnectionLost(1)
2026-09-06 16:15:45+1000 [-] childConnectionLost(0)
2026-09-06 16:15:45+1000 [-] Main loop terminated.
2026-09-06 16:15:45+1000 [-] --> twisted.internet.test.test_process.ProcessTestsBuilder_ThreadedSelectReactorTests.test_processExitedRaises <--
2026-09-06 16:15:45+1000 [-] while calling processExited:
	Traceback (most recent call last):
	  File "/workspace/scratch/3e753b952683/O-gen32-observe/external-trials/g33-twisted-10635/repo/src/twisted/internet/_baseprocess.py", line 40, in _callProcessExited
	    self.proto.processExited(Failure(reason))
	  File "/workspace/scratch/3e753b952683/O-gen32-observe/external-trials/g33-twisted-10635/repo/src/twisted/internet/test/test_process.py", line 615, in processExited
	    raise TestException("processedExited raised")
	twisted.internet.test.test_process.TestException: processedExited raised
	
2026-09-06 16:15:45+1000 [-] Main loop terminated.
2026-09-06 16:15:45+1000 [-] --> twisted.internet.test.test_process.ProcessTestsBuilder_ThreadedSelectReactorTests.test_processExitedWithSignal <--
2026-09-06 16:15:45+1000 [-] childDataReceived(1, b'x')
2026-09-06 16:15:45+1000 [-] childConnectionLost(0)
2026-09-06 16:15:45+1000 [-] childConnectionLost(1)
2026-09-06 16:15:45+1000 [-] processExited(<twisted.python.failure.Failure twisted.internet.error.ProcessTerminated: A process has ended with a probable error condition: process ended by signal 15.>)
2026-09-06 16:15:45+1000 [-] childConnectionLost(2)
2026-09-06 16:15:45+1000 [-] processEnded(<twisted.python.failure.Failure twisted.internet.error.ProcessTerminated: A process has ended with a probable error condition: process ended by signal 15.>)
2026-09-06 16:15:45+1000 [-] Main loop terminated.
2026-09-06 16:15:45+1000 [-] --> twisted.internet.test.test_process.ProcessTestsBuilder_ThreadedSelectReactorTests.test_processTransportInterface <--
2026-09-06 16:15:45+1000 [-] Main loop terminated.
2026-09-06 16:15:45+1000 [-] --> twisted.internet.test.test_process.ProcessTestsBuilder_ThreadedSelectReactorTests.test_process_unregistered_before_protocol_ended_callback <--
2026-09-06 16:15:45+1000 [-] Main loop terminated.
2026-09-06 16:15:45+1000 [-] --> twisted.internet.test.test_process.ProcessTestsBuilder_ThreadedSelectReactorTests.test_shebang <--
2026-09-06 16:15:45+1000 [-] cbProcessExited((b'this is the shebang output', b'', 0))
2026-09-06 16:15:45+1000 [-] Main loop terminated.
2026-09-06 16:15:45+1000 [-] --> twisted.internet.test.test_process.ProcessTestsBuilder_ThreadedSelectReactorTests.test_spawnProcessEarlyIsReaped <--
2026-09-06 16:15:45+1000 [-] Main loop terminated.
2026-09-06 16:15:45+1000 [-] --> twisted.internet.test.test_process.ProcessTestsBuilder_ThreadedSelectReactorTests.test_systemCallUninterruptedByChildExit <--
2026-09-06 16:15:45+1000 [-] Main loop terminated.
2026-09-06 16:15:45+1000 [-] --> twisted.internet.test.test_process.ProcessTestsBuilder_ThreadedSelectReactorTests.test_timelyProcessExited <--
2026-09-06 16:15:45+1000 [-] Main loop terminated.
2026-09-06 16:15:45+1000 [-] --> twisted.internet.test.test_process.ProcessTestsBuilder_ThreadedSelectReactorTests.test_write <--
2026-09-06 16:15:45+1000 [-] Main loop terminated.
2026-09-06 16:15:45+1000 [-] --> twisted.internet.test.test_process.ProcessTestsBuilder_ThreadedSelectReactorTests.test_writeSequence <--
2026-09-06 16:15:45+1000 [-] Main loop terminated.
2026-09-06 16:15:45+1000 [-] --> twisted.internet.test.test_process.ProcessTestsBuilder_ThreadedSelectReactorTests.test_writeToChild <--
2026-09-06 16:15:45+1000 [-] Main loop terminated.
2026-09-06 16:15:45+1000 [-] --> twisted.internet.test.test_process.ProcessTestsBuilder_ThreadedSelectReactorTests.test_writeToChildBadFileDescriptor <--
2026-09-06 16:15:45+1000 [-] Main loop terminated.
2026-09-06 16:15:45+1000 [-] --> twisted.internet.test.test_process.ReapingNonePidsLogsProperly.test__BaseProcess_reapProcess <--
2026-09-06 16:15:45+1000 [-] Failed to reap None:
2026-09-06 16:15:45+1000 [-] Unhandled Error
	Traceback (most recent call last):
	  File "/workspace/scratch/3e753b952683/O-gen32-observe/external-trials/g33-twisted-10635/repo/src/twisted/internet/process.py", line 308, in reapProcess
	    pid, status = os.waitpid(self.pid, os.WNOHANG)
	builtins.TypeError: 'NoneType' object cannot be interpreted as an integer
	
2026-09-06 16:15:45+1000 [-] --> twisted.internet.test.test_process.ReapingNonePidsLogsProperly.test_registerReapProcessHandler <--
2026-09-06 16:15:45+1000 [-] Failed to reap None:
2026-09-06 16:15:45+1000 [-] Unhandled Error
	Traceback (most recent call last):
	  File "/workspace/scratch/3e753b952683/O-gen32-observe/external-trials/g33-twisted-10635/repo/src/twisted/internet/process.py", line 95, in registerReapProcessHandler
	    auxPID, status = os.waitpid(pid, os.WNOHANG)
	builtins.TypeError: 'NoneType' object cannot be interpreted as an integer
	
